Version: nightly
Build Time: 2026.02.22
Platform: windows (amd64)
Vulkan 1.3.239
RAM in Use: 130 MB / OS Reserved: 264 MB
Active Goroutines: 2
Timestamp: 2026-03-02 08:54:30

Engine error

Error: .\external\script\start.lua:1678: chars/Necro/necro_mx_BASIC_NOMX.cns:5713:
(20
guard.hittime: Missing ')' before 
stack traceback:
	[G]: in function 'game'
	.\external\script\start.lua:1678: in function 'f_game'
	.\external\script\start.lua:2146: in function 'launchFight'
	external/script/default.lua:20: in function <external/script/default.lua:0>
	.\external\script\start.lua:1749: in function 'f'
	external/script/main.lua:2436: in function 'loop'
	external/script/main.lua:2522: in function 'loop'
	external/script/main.lua:3664: in main chunk
	[G]: ?

Go stack traceback:
goroutine 1 [running, locked to thread]:
runtime/debug.Stack()
	runtime/debug/stack.go:24 +0x65
main.handlePanic({0x7ff76cdfbe80?, 0xc005ed69c0})
	github.com/ikemen-engine/Ikemen-GO/src/main.go:363 +0x3e5
main.realMain.func1()
	github.com/ikemen-engine/Ikemen-GO/src/main.go:66 +0x2a
panic({0x7ff76cdfbe80, 0xc005ed69c0})
	runtime/panic.go:884 +0x213
main.realMain()
	github.com/ikemen-engine/Ikemen-GO/src/main.go:206 +0x56d
main.main()
	github.com/ikemen-engine/Ikemen-GO/src/main.go:59 +0x17
