Version: nightly
Build Time: 2026.02.22
Platform: windows (amd64)
Vulkan 1.3.239
RAM in Use: 124 MB / OS Reserved: 267 MB
Active Goroutines: 2
Timestamp: 2026-02-25 16:10:09

Engine error

Error: external/script/main.lua:3261: attempt to index a non-table object(nil) with key 'itemname'
stack traceback:
	external/script/main.lua:3261: in function 'f_menuCommonCalc'
	.\external\script\options.lua:1440: in function 'loop'
	.\external\script\options.lua:1471: in function 'loop'
	.\external\script\options.lua:784: in function <.\external\script\options.lua:774>
	.\external\script\options.lua:1464: in function 'loop'
	.\external\script\options.lua:1471: in function 'f'
	external/script/main.lua:2436: in function 'loop'
	external/script/main.lua:3664: in main chunk
	[G]: ?

Go stack traceback:
goroutine 1 [running, locked to thread]:
runtime/debug.Stack()
	runtime/debug/stack.go:24 +0x65
main.handlePanic({0x7ff77fe8be80?, 0xc0057ca540})
	github.com/ikemen-engine/Ikemen-GO/src/main.go:363 +0x3e5
main.realMain.func1()
	github.com/ikemen-engine/Ikemen-GO/src/main.go:66 +0x2a
panic({0x7ff77fe8be80, 0xc0057ca540})
	runtime/panic.go:884 +0x213
main.realMain()
	github.com/ikemen-engine/Ikemen-GO/src/main.go:206 +0x56d
main.main()
	github.com/ikemen-engine/Ikemen-GO/src/main.go:59 +0x17
