Version: nightly
Build Time: 2026.07.29
Platform: windows (amd64)
Vulkan 1.3.239
RAM in Use: 123 MB / OS Reserved: 284 MB
Active Goroutines: 2
Timestamp: 2026-07-29 16:57:41

Engine error

Error: .\external\script\start.lua:1759: r2/training.zss:114:
Missing '(' after mugenversion
stack traceback:
	[G]: in function 'game'
	.\external\script\start.lua:1759: in function 'f_game'
	.\external\script\start.lua:2372: in function 'launchFight'
	@external/script/default.lua:2: in function <@external/script/default.lua:0>
	.\external\script\start.lua:1830: in function 'f'
	external/script/main.lua:2703: in function 'loop'
	external/script/main.lua:4039: in main chunk
	[G]: ?

Go stack traceback:
goroutine 1 [running, locked to thread]:
runtime/debug.Stack()
	runtime/debug/stack.go:24 +0x65
main.handlePanic({0x7ff7f45ee520?, 0xc004a257c0})
	github.com/ikemen-engine/Ikemen-GO/src/main.go:372 +0x408
main.realMain.func1()
	github.com/ikemen-engine/Ikemen-GO/src/main.go:66 +0x2a
panic({0x7ff7f45ee520, 0xc004a257c0})
	runtime/panic.go:884 +0x213
main.realMain()
	github.com/ikemen-engine/Ikemen-GO/src/main.go:206 +0x573
main.main()
	github.com/ikemen-engine/Ikemen-GO/src/main.go:59 +0x17
